!***************DATATOOLS CONNECTIVITY NL*****************
fragment@org.eclipse.datatools.connectivity.nl1=GIT,tag=master,repo=git://git.eclipse.org/gitroot/datatools/org.eclipse.datatools.nl.git,path=plugins/connectivity/org.eclipse.datatools.connectivity.nl
fragment@org.eclipse.datatools.connectivity.oda.consumer.nl1=GIT,tag=master,repo=git://git.eclipse.org/gitroot/datatools/org.eclipse.datatools.nl.git,path=plugins/connectivity/org.eclipse.datatools.connectivity.oda.consumer.nl
fragment@org.eclipse.datatools.connectivity.oda.design.nl1=GIT,tag=master,repo=git://git.eclipse.org/gitroot/datatools/org.eclipse.datatools.nl.git,path=plugins/connectivity/org.eclipse.datatools.connectivity.oda.design.nl
fragment@org.eclipse.datatools.connectivity.oda.design.ui.nl1=GIT,tag=master,repo=git://git.eclipse.org/gitroot/datatools/org.eclipse.datatools.nl.git,path=plugins/connectivity/org.eclipse.datatools.connectivity.oda.design.ui.nl
fragment@org.eclipse.datatools.connectivity.oda.flatfile.nl1=GIT,tag=master,repo=git://git.eclipse.org/gitroot/datatools/org.eclipse.datatools.nl.git,path=plugins/connectivity/org.eclipse.datatools.connectivity.oda.flatfile.nl
fragment@org.eclipse.datatools.connectivity.oda.flatfile.ui.nl1=GIT,tag=master,repo=git://git.eclipse.org/gitroot/datatools/org.eclipse.datatools.nl.git,path=plugins/connectivity/org.eclipse.datatools.connectivity.oda.flatfile.ui.nl
fragment@org.eclipse.datatools.connectivity.oda.nl1=GIT,tag=master,repo=git://git.eclipse.org/gitroot/datatools/org.eclipse.datatools.nl.git,path=plugins/connectivity/org.eclipse.datatools.connectivity.oda.nl
fragment@org.eclipse.datatools.connectivity.oda.profile.nl1=GIT,tag=master,repo=git://git.eclipse.org/gitroot/datatools/org.eclipse.datatools.nl.git,path=plugins/connectivity/org.eclipse.datatools.connectivity.oda.profile.nl
fragment@org.eclipse.datatools.connectivity.ui.dse.nl1=GIT,tag=master,repo=git://git.eclipse.org/gitroot/datatools/org.eclipse.datatools.nl.git,path=plugins/connectivity/org.eclipse.datatools.connectivity.ui.dse.nl
fragment@org.eclipse.datatools.connectivity.oda.template.ui.nl1=GIT,tag=master,repo=git://git.eclipse.org/gitroot/datatools/org.eclipse.datatools.nl.git,path=plugins/connectivity/org.eclipse.datatools.connectivity.oda.template.ui.nl
fragment@org.eclipse.datatools.connectivity.ui.nl1=GIT,tag=master,repo=git://git.eclipse.org/gitroot/datatools/org.eclipse.datatools.nl.git,path=plugins/connectivity/org.eclipse.datatools.connectivity.ui.nl
fragment@org.eclipse.datatools.connectivity.apache.derby.nl1=GIT,tag=master,repo=git://git.eclipse.org/gitroot/datatools/org.eclipse.datatools.nl.git,path=plugins/connectivity/org.eclipse.datatools.connectivity.apache.derby.nl
fragment@org.eclipse.datatools.connectivity.apache.derby.dbdefinition.nl1=GIT,tag=master,repo=git://git.eclipse.org/gitroot/datatools/org.eclipse.datatools.nl.git,path=plugins/connectivity/org.eclipse.datatools.connectivity.apache.derby.dbdefinition.nl
fragment@org.eclipse.datatools.connectivity.apache.derby.ui.nl1=GIT,tag=master,repo=git://git.eclipse.org/gitroot/datatools/org.eclipse.datatools.nl.git,path=plugins/connectivity/org.eclipse.datatools.connectivity.apache.derby.ui.nl
fragment@org.eclipse.datatools.connectivity.db.generic.nl1=GIT,tag=master,repo=git://git.eclipse.org/gitroot/datatools/org.eclipse.datatools.nl.git,path=plugins/connectivity/org.eclipse.datatools.connectivity.db.generic.nl
fragment@org.eclipse.datatools.connectivity.db.generic.ui.nl1=GIT,tag=master,repo=git://git.eclipse.org/gitroot/datatools/org.eclipse.datatools.nl.git,path=plugins/connectivity/org.eclipse.datatools.connectivity.db.generic.ui.nl
fragment@org.eclipse.datatools.connectivity.dbdefinition.genericJDBC.nl1=GIT,tag=master,repo=git://git.eclipse.org/gitroot/datatools/org.eclipse.datatools.nl.git,path=plugins/connectivity/org.eclipse.datatools.connectivity.dbdefinition.genericJDBC.nl
fragment@org.eclipse.datatools.connectivity.sqm.core.nl1=GIT,tag=master,repo=git://git.eclipse.org/gitroot/datatools/org.eclipse.datatools.nl.git,path=plugins/connectivity/org.eclipse.datatools.connectivity.sqm.core.nl
fragment@org.eclipse.datatools.connectivity.sqm.core.ui.nl1=GIT,tag=master,repo=git://git.eclipse.org/gitroot/datatools/org.eclipse.datatools.nl.git,path=plugins/connectivity/org.eclipse.datatools.connectivity.sqm.core.ui.nl
fragment@org.eclipse.datatools.connectivity.sqm.server.ui.nl1=GIT,tag=master,repo=git://git.eclipse.org/gitroot/datatools/org.eclipse.datatools.nl.git,path=plugins/connectivity/org.eclipse.datatools.connectivity.sqm.server.ui.nl
fragment@org.eclipse.datatools.connectivity.console.profile.nl1=GIT,tag=master,repo=git://git.eclipse.org/gitroot/datatools/org.eclipse.datatools.nl.git,path=plugins/connectivity/org.eclipse.datatools.connectivity.console.profile.nl

!***************DATATOOLS ENABLEMENT NL*****************
fragment@org.eclipse.datatools.enablement.oda.xml.nl1=GIT,tag=master,repo=git://git.eclipse.org/gitroot/datatools/org.eclipse.datatools.nl.git,path=plugins/enablement/org.eclipse.datatools.enablement.oda.xml.nl
fragment@org.eclipse.datatools.enablement.oda.xml.ui.nl1=GIT,tag=master,repo=git://git.eclipse.org/gitroot/datatools/org.eclipse.datatools.nl.git,path=plugins/enablement/org.eclipse.datatools.enablement.oda.xml.ui.nl
fragment@org.eclipse.datatools.enablement.oda.ws.nl1=GIT,tag=master,repo=git://git.eclipse.org/gitroot/datatools/org.eclipse.datatools.nl.git,path=plugins/enablement/org.eclipse.datatools.enablement.oda.ws.nl
fragment@org.eclipse.datatools.enablement.oda.ws.ui.nl1=GIT,tag=master,repo=git://git.eclipse.org/gitroot/datatools/org.eclipse.datatools.nl.git,path=plugins/enablement/org.eclipse.datatools.enablement.oda.ws.ui.nl
fragment@org.eclipse.datatools.enablement.oracle.nl1=GIT,tag=master,repo=git://git.eclipse.org/gitroot/datatools/org.eclipse.datatools.nl.git,path=plugins/enablement/org.eclipse.datatools.enablement.oracle.nl
fragment@org.eclipse.datatools.enablement.oracle.dbdefinition.nl1=GIT,tag=master,repo=git://git.eclipse.org/gitroot/datatools/org.eclipse.datatools.nl.git,path=plugins/enablement/org.eclipse.datatools.enablement.oracle.dbdefinition.nl
fragment@org.eclipse.datatools.enablement.oracle.ui.nl1=GIT,tag=master,repo=git://git.eclipse.org/gitroot/datatools/org.eclipse.datatools.nl.git,path=plugins/enablement/org.eclipse.datatools.enablement.oracle.ui.nl
fragment@org.eclipse.datatools.enablement.jdt.classpath.nl1=GIT,tag=master,repo=git://git.eclipse.org/gitroot/datatools/org.eclipse.datatools.nl.git,path=plugins/enablement/org.eclipse.datatools.enablement.jdt.classpath.nl

!***************DATATOOLS SQLTOOLS NL*****************
fragment@org.eclipse.datatools.sqltools.common.ui.nl1=GIT,tag=master,repo=git://git.eclipse.org/gitroot/datatools/org.eclipse.datatools.nl.git,path=plugins/sqltools/org.eclipse.datatools.sqltools.common.ui.nl
fragment@org.eclipse.datatools.sqltools.db.derby.nl1=GIT,tag=master,repo=git://git.eclipse.org/gitroot/datatools/org.eclipse.datatools.nl.git,path=plugins/sqltools/org.eclipse.datatools.sqltools.db.derby.nl
fragment@org.eclipse.datatools.sqltools.db.generic.nl1=GIT,tag=master,repo=git://git.eclipse.org/gitroot/datatools/org.eclipse.datatools.nl.git,path=plugins/sqltools/org.eclipse.datatools.sqltools.db.generic.nl
fragment@org.eclipse.datatools.sqltools.editor.core.nl1=GIT,tag=master,repo=git://git.eclipse.org/gitroot/datatools/org.eclipse.datatools.nl.git,path=plugins/sqltools/org.eclipse.datatools.sqltools.editor.core.nl
fragment@org.eclipse.datatools.sqltools.parsers.sql.nl1=GIT,tag=master,repo=git://git.eclipse.org/gitroot/datatools/org.eclipse.datatools.nl.git,path=plugins/sqltools/org.eclipse.datatools.sqltools.parsers.sql.nl
fragment@org.eclipse.datatools.sqltools.parsers.sql.query.nl1=GIT,tag=master,repo=git://git.eclipse.org/gitroot/datatools/org.eclipse.datatools.nl.git,path=plugins/sqltools/org.eclipse.datatools.sqltools.parsers.sql.query.nl
fragment@org.eclipse.datatools.sqltools.plan.nl1=GIT,tag=master,repo=git://git.eclipse.org/gitroot/datatools/org.eclipse.datatools.nl.git,path=plugins/sqltools/org.eclipse.datatools.sqltools.plan.nl
fragment@org.eclipse.datatools.sqltools.result.nl1=GIT,tag=master,repo=git://git.eclipse.org/gitroot/datatools/org.eclipse.datatools.nl.git,path=plugins/sqltools/org.eclipse.datatools.sqltools.result.nl
fragment@org.eclipse.datatools.sqltools.sql.nl1=GIT,tag=master,repo=git://git.eclipse.org/gitroot/datatools/org.eclipse.datatools.nl.git,path=plugins/sqltools/org.eclipse.datatools.sqltools.sql.nl
fragment@org.eclipse.datatools.sqltools.sqlbuilder.nl1=GIT,tag=master,repo=git://git.eclipse.org/gitroot/datatools/org.eclipse.datatools.nl.git,path=plugins/sqltools/org.eclipse.datatools.sqltools.sqlbuilder.nl
fragment@org.eclipse.datatools.sqltools.sqleditor.nl1=GIT,tag=master,repo=git://git.eclipse.org/gitroot/datatools/org.eclipse.datatools.nl.git,path=plugins/sqltools/org.eclipse.datatools.sqltools.sqleditor.nl

!***************DATATOOLS MODELBASE NL*****************
fragment@org.eclipse.datatools.modelbase.dbdefinition.nl1=GIT,tag=master,repo=git://git.eclipse.org/gitroot/datatools/org.eclipse.datatools.nl.git,path=plugins/modelbase/org.eclipse.datatools.modelbase.dbdefinition.nl
fragment@org.eclipse.datatools.modelbase.derby.nl1=GIT,tag=master,repo=git://git.eclipse.org/gitroot/datatools/org.eclipse.datatools.nl.git,path=plugins/modelbase/org.eclipse.datatools.modelbase.derby.nl
fragment@org.eclipse.datatools.modelbase.sql.edit.nl1=GIT,tag=master,repo=git://git.eclipse.org/gitroot/datatools/org.eclipse.datatools.nl.git,path=plugins/modelbase/org.eclipse.datatools.modelbase.sql.edit.nl
fragment@org.eclipse.datatools.modelbase.sql.nl1=GIT,tag=master,repo=git://git.eclipse.org/gitroot/datatools/org.eclipse.datatools.nl.git,path=plugins/modelbase/org.eclipse.datatools.modelbase.sql.nl
fragment@org.eclipse.datatools.modelbase.sql.query.edit.nl1=GIT,tag=master,repo=git://git.eclipse.org/gitroot/datatools/org.eclipse.datatools.nl.git,path=plugins/modelbase/org.eclipse.datatools.modelbase.sql.query.edit.nl
fragment@org.eclipse.datatools.modelbase.sql.query.nl1=GIT,tag=master,repo=git://git.eclipse.org/gitroot/datatools/org.eclipse.datatools.nl.git,path=plugins/modelbase/org.eclipse.datatools.modelbase.sql.query.nl
fragment@org.eclipse.datatools.modelbase.sql.xml.query.nl1=GIT,tag=master,repo=git://git.eclipse.org/gitroot/datatools/org.eclipse.datatools.nl.git,path=plugins/modelbase/org.eclipse.datatools.modelbase.sql.xml.query.nl
